../Core/Src/main.c:92:5:main	1
../Core/Src/main.c:169:6:SystemClock_Config	3
../Core/Src/main.c:212:13:MX_I2C1_Init	2
../Core/Src/main.c:244:13:MX_I2S3_Init	2
../Core/Src/main.c:276:13:MX_TIM2_Init	3
../Core/Src/main.c:326:13:MX_TIM3_Init	3
../Core/Src/main.c:373:13:MX_TIM4_Init	7
../Core/Src/main.c:432:13:MX_GPIO_Init	1
../Core/Src/main.c:536:6:setMotorMode	6
../Core/Src/main.c:573:6:setMotorSpeed	3
../Core/Src/main.c:581:6:motorStart	1
../Core/Src/main.c:586:6:motorShutdown	1
../Core/Src/main.c:591:6:startEncoder	1
../Core/Src/main.c:595:9:readEncoder	1
../Core/Src/main.c:602:9:calRPM	2
../Core/Src/main.c:622:6:Error_Handler	1
